{
    "query": {
        "bool": {
            "must": [
                {
                    "multi_match": {
                        "query": "exception",
                        "fields": [
                            "title",
                            "description"
                        ],
                        "fuzziness": 2
                    }
                }
            ]
        }
    }
}
